ReferenceError: path is not defined
    at /web/user/2018ajoshi/public/index.js:108:27
    at Layer.handle [as handle_request] (/web/user/2018ajoshi/public/node_modules/express/lib/router/layer.js:95:5)
    at next (/web/user/2018ajoshi/public/node_modules/express/lib/router/route.js:137:13)
    at Route.dispatch (/web/user/2018ajoshi/public/node_modules/express/lib/router/route.js:112:3)
    at Layer.handle [as handle_request] (/web/user/2018ajoshi/public/node_modules/express/lib/router/layer.js:95:5)
    at /web/user/2018ajoshi/public/node_modules/express/lib/router/index.js:281:22
    at Function.process_params (/web/user/2018ajoshi/public/node_modules/express/lib/router/index.js:335:12)
    at Busboy.next (/web/user/2018ajoshi/public/node_modules/express/lib/router/index.js:275:10)
    at emitNone (events.js:111:20)
    at Busboy.emit (events.js:208:7)
ReferenceError: image_class is not defined
    at /web/user/2018ajoshi/public/index.js:114:54
    at Layer.handle [as handle_request] (/web/user/2018ajoshi/public/node_modules/express/lib/router/layer.js:95:5)
    at next (/web/user/2018ajoshi/public/node_modules/express/lib/router/route.js:137:13)
    at Route.dispatch (/web/user/2018ajoshi/public/node_modules/express/lib/router/route.js:112:3)
    at Layer.handle [as handle_request] (/web/user/2018ajoshi/public/node_modules/express/lib/router/layer.js:95:5)
    at /web/user/2018ajoshi/public/node_modules/express/lib/router/index.js:281:22
    at Function.process_params (/web/user/2018ajoshi/public/node_modules/express/lib/router/index.js:335:12)
    at Busboy.next (/web/user/2018ajoshi/public/node_modules/express/lib/router/index.js:275:10)
    at emitNone (events.js:111:20)
    at Busboy.emit (events.js:208:7)
ReferenceError: file_string is not defined
    at /web/user/2018ajoshi/public/index.js:114:67
    at Layer.handle [as handle_request] (/web/user/2018ajoshi/public/node_modules/express/lib/router/layer.js:95:5)
    at next (/web/user/2018ajoshi/public/node_modules/express/lib/router/route.js:137:13)
    at Route.dispatch (/web/user/2018ajoshi/public/node_modules/express/lib/router/route.js:112:3)
    at Layer.handle [as handle_request] (/web/user/2018ajoshi/public/node_modules/express/lib/router/layer.js:95:5)
    at /web/user/2018ajoshi/public/node_modules/express/lib/router/index.js:281:22
    at Function.process_params (/web/user/2018ajoshi/public/node_modules/express/lib/router/index.js:335:12)
    at Busboy.next (/web/user/2018ajoshi/public/node_modules/express/lib/router/index.js:275:10)
    at emitNone (events.js:111:20)
    at Busboy.emit (events.js:208:7)
TypeError: Cannot read property 'uid' of undefined
    at /web/user/2018ajoshi/public/index.js:119:67
    at Layer.handle [as handle_request] (/web/user/2018ajoshi/public/node_modules/express/lib/router/layer.js:95:5)
    at next (/web/user/2018ajoshi/public/node_modules/express/lib/router/route.js:137:13)
    at Route.dispatch (/web/user/2018ajoshi/public/node_modules/express/lib/router/route.js:112:3)
    at Layer.handle [as handle_request] (/web/user/2018ajoshi/public/node_modules/express/lib/router/layer.js:95:5)
    at /web/user/2018ajoshi/public/node_modules/express/lib/router/index.js:281:22
    at Function.process_params (/web/user/2018ajoshi/public/node_modules/express/lib/router/index.js:335:12)
    at Busboy.next (/web/user/2018ajoshi/public/node_modules/express/lib/router/index.js:275:10)
    at emitNone (events.js:111:20)
    at Busboy.emit (events.js:208:7)
TypeError: Cannot read property 'uid' of undefined
    at /web/user/2018ajoshi/public/index.js:119:67
    at Layer.handle [as handle_request] (/web/user/2018ajoshi/public/node_modules/express/lib/router/layer.js:95:5)
    at next (/web/user/2018ajoshi/public/node_modules/express/lib/router/route.js:137:13)
    at Route.dispatch (/web/user/2018ajoshi/public/node_modules/express/lib/router/route.js:112:3)
    at Layer.handle [as handle_request] (/web/user/2018ajoshi/public/node_modules/express/lib/router/layer.js:95:5)
    at /web/user/2018ajoshi/public/node_modules/express/lib/router/index.js:281:22
    at Function.process_params (/web/user/2018ajoshi/public/node_modules/express/lib/router/index.js:335:12)
    at Busboy.next (/web/user/2018ajoshi/public/node_modules/express/lib/router/index.js:275:10)
    at emitNone (events.js:111:20)
    at Busboy.emit (events.js:208:7)
ReferenceError: file_string is not defined
    at /web/user/2018ajoshi/public/index.js:120:67
    at Layer.handle [as handle_request] (/web/user/2018ajoshi/public/node_modules/express/lib/router/layer.js:95:5)
    at next (/web/user/2018ajoshi/public/node_modules/express/lib/router/route.js:137:13)
    at Route.dispatch (/web/user/2018ajoshi/public/node_modules/express/lib/router/route.js:112:3)
    at Layer.handle [as handle_request] (/web/user/2018ajoshi/public/node_modules/express/lib/router/layer.js:95:5)
    at /web/user/2018ajoshi/public/node_modules/express/lib/router/index.js:281:22
    at Function.process_params (/web/user/2018ajoshi/public/node_modules/express/lib/router/index.js:335:12)
    at Busboy.next (/web/user/2018ajoshi/public/node_modules/express/lib/router/index.js:275:10)
    at emitNone (events.js:111:20)
    at Busboy.emit (events.js:208:7)
TypeError: Path must be a string. Received undefined
    at assertPath (path.js:28:11)
    at Object.join (path.js:1236:7)
    at /web/user/2018ajoshi/public/index.js:120:28
    at Layer.handle [as handle_request] (/web/user/2018ajoshi/public/node_modules/express/lib/router/layer.js:95:5)
    at next (/web/user/2018ajoshi/public/node_modules/express/lib/router/route.js:137:13)
    at Route.dispatch (/web/user/2018ajoshi/public/node_modules/express/lib/router/route.js:112:3)
    at Layer.handle [as handle_request] (/web/user/2018ajoshi/public/node_modules/express/lib/router/layer.js:95:5)
    at /web/user/2018ajoshi/public/node_modules/express/lib/router/index.js:281:22
    at Function.process_params (/web/user/2018ajoshi/public/node_modules/express/lib/router/index.js:335:12)
    at Busboy.next (/web/user/2018ajoshi/public/node_modules/express/lib/router/index.js:275:10)
TypeError: Path must be a string. Received undefined
    at assertPath (path.js:28:11)
    at Object.join (path.js:1236:7)
    at /web/user/2018ajoshi/public/index.js:120:28
    at Layer.handle [as handle_request] (/web/user/2018ajoshi/public/node_modules/express/lib/router/layer.js:95:5)
    at next (/web/user/2018ajoshi/public/node_modules/express/lib/router/route.js:137:13)
    at Route.dispatch (/web/user/2018ajoshi/public/node_modules/express/lib/router/route.js:112:3)
    at Layer.handle [as handle_request] (/web/user/2018ajoshi/public/node_modules/express/lib/router/layer.js:95:5)
    at /web/user/2018ajoshi/public/node_modules/express/lib/router/index.js:281:22
    at Function.process_params (/web/user/2018ajoshi/public/node_modules/express/lib/router/index.js:335:12)
    at Busboy.next (/web/user/2018ajoshi/public/node_modules/express/lib/router/index.js:275:10)
/web/user/2018ajoshi/public/index.js:122
          if (err) throw err;
                   ^

Error: ENOENT: no such file or directory, open '/web/user/2018ajoshi/public/images/date_1524237417586.jpg'
/web/user/2018ajoshi/public/index.js:122
          if (err) throw err;
                   ^

Error: ENOENT: no such file or directory, open '/web/user/2018ajoshi/public/images/date_1524237461043.jpg'
/web/user/2018ajoshi/public/index.js:122
          if (err) throw err;
                   ^

Error: ENOENT: no such file or directory, open '/web/user/2018ajoshi/public/images/date_1524237479478.jpg'
/web/user/2018ajoshi/public/index.js:122
          if (err) throw err;
                   ^

Error: ENOENT: no such file or directory, open '/web/user/2018ajoshi/public/images/date_1524237529542.jpg'
/web/user/2018ajoshi/public/index.js:122
          if (err) throw err;
                   ^

Error: ENOENT: no such file or directory, open '/web/user/2018ajoshi/public/images/date_1524237751794.jpg'
/web/user/2018ajoshi/public/index.js:122
          if (err) throw err;
                   ^

Error: ENOENT: no such file or directory, open '/web/user/2018ajoshi/public/images/date_1524237794766.jpg'
/web/user/2018ajoshi/public/index.js:122
          if (err) throw err;
                   ^

Error: ENOENT: no such file or directory, open '/web/user/2018ajoshi/public/images/date_1524237816913.jpg'
/web/user/2018ajoshi/public/index.js:122
          if (err) throw err;
                   ^

Error: ENOENT: no such file or directory, open '/web/user/2018ajoshi/public/images/date_1524237819138.jpg'
/web/user/2018ajoshi/public/index.js:122
          if (err) throw err;
                   ^

Error: ENOENT: no such file or directory, open '/web/user/2018ajoshi/public/images/date_1524237952716.jpg'
/web/user/2018ajoshi/public/index.js:122
          if (err) throw err;
                   ^

Error: ENOENT: no such file or directory, open '/web/user/2018ajoshi/public/images/date_1524238077357.jpg'
/web/user/2018ajoshi/public/index.js:122
          if (err) throw err;
                   ^

Error: ENOENT: no such file or directory, open '/web/user/2018ajoshi/public/images/date_1524238153350.jpg'
/web/user/2018ajoshi/public/index.js:120
          if (err) throw err;
                   ^

Error: ENOENT: no such file or directory, open '/web/user/2018ajoshi/public/images/date_1524669925613.jpg'
/web/user/2018ajoshi/public/index.js:120
          if (err) throw err;
                   ^

Error: ENOENT: no such file or directory, open '/web/user/2018ajoshi/public/images/date_1524669998123.jpg'
/web/user/2018ajoshi/public/index.js:122
          if (err) throw err;
                   ^

Error: ENOENT: no such file or directory, open '/web/user/2018ajoshi/public/images/date_1524670207245.jpg'
/web/user/2018ajoshi/public/index.js:122
          if (err) throw err;
                   ^

Error: ENOENT: no such file or directory, open '/web/user/2018ajoshi/public/images/date_1524670215343.jpg'
/web/user/2018ajoshi/public/index.js:122
          if (err) throw err;
                   ^

Error: ENOENT: no such file or directory, open '/web/user/2018ajoshi/public/images/date_1524670450670.jpg'
/web/user/2018ajoshi/public/index.js:125
          console.log('Saved!' + beforeName.toString());
                                 ^

ReferenceError: beforeName is not defined
    at /web/user/2018ajoshi/public/index.js:125:34
    at fs.js:1279:7
    at FSReqWrap.oncomplete (fs.js:135:15)
/web/user/2018ajoshi/public/index.js:125
          console.log('Saved!' + beforeName.toString());
                                 ^

ReferenceError: beforeName is not defined
    at /web/user/2018ajoshi/public/index.js:125:34
    at /web/user/2018ajoshi/node_modules/graceful-fs/graceful-fs.js:43:10
    at FSReqWrap.oncomplete (fs.js:135:15)
/web/user/2018ajoshi/public/index.js:125
          console.log('Saved!' + beforeName.toString());
                                 ^

ReferenceError: beforeName is not defined
    at /web/user/2018ajoshi/public/index.js:125:34
    at /web/user/2018ajoshi/node_modules/graceful-fs/graceful-fs.js:43:10
    at FSReqWrap.oncomplete (fs.js:135:15)
/web/user/2018ajoshi/public/index.js:125
          console.log('Saved!' + beforeName.toString());
                                 ^

ReferenceError: beforeName is not defined
    at /web/user/2018ajoshi/public/index.js:125:34
    at /web/user/2018ajoshi/node_modules/graceful-fs/graceful-fs.js:43:10
    at FSReqWrap.oncomplete (fs.js:135:15)
/web/user/2018ajoshi/public/index.js:121
          console.log('Saved!' + beforeName.toString());
                                 ^

ReferenceError: beforeName is not defined
    at /web/user/2018ajoshi/public/index.js:121:34
    at /web/user/2018ajoshi/node_modules/graceful-fs/graceful-fs.js:43:10
    at FSReqWrap.oncomplete (fs.js:135:15)
/web/user/2018ajoshi/public/index.js:127
          console.log('Saved!' + beforeName.toString());
                                 ^

ReferenceError: beforeName is not defined
    at /web/user/2018ajoshi/public/index.js:127:34
    at /web/user/2018ajoshi/node_modules/graceful-fs/graceful-fs.js:43:10
    at FSReqWrap.oncomplete (fs.js:135:15)
ReferenceError: res is not defined
    at justSendSomething (/web/user/2018ajoshi/public/index.js:40:5)
    at /web/user/2018ajoshi/public/index.js:132:5
    at Layer.handle [as handle_request] (/web/user/2018ajoshi/public/node_modules/express/lib/router/layer.js:95:5)
    at next (/web/user/2018ajoshi/public/node_modules/express/lib/router/route.js:137:13)
    at Route.dispatch (/web/user/2018ajoshi/public/node_modules/express/lib/router/route.js:112:3)
    at Layer.handle [as handle_request] (/web/user/2018ajoshi/public/node_modules/express/lib/router/layer.js:95:5)
    at /web/user/2018ajoshi/public/node_modules/express/lib/router/index.js:281:22
    at Function.process_params (/web/user/2018ajoshi/public/node_modules/express/lib/router/index.js:335:12)
    at Busboy.next (/web/user/2018ajoshi/public/node_modules/express/lib/router/index.js:275:10)
    at emitNone (events.js:111:20)
/web/user/2018ajoshi/public/index.js:129
          console.log('Saved!' + beforeName.toString());
                                 ^

ReferenceError: beforeName is not defined
    at /web/user/2018ajoshi/public/index.js:129:34
    at /web/user/2018ajoshi/node_modules/graceful-fs/graceful-fs.js:43:10
    at FSReqWrap.oncomplete (fs.js:135:15)
/web/user/2018ajoshi/public/index.js:129
          console.log('Saved!' + beforeName.toString());
                                 ^

ReferenceError: beforeName is not defined
    at /web/user/2018ajoshi/public/index.js:129:34
    at /web/user/2018ajoshi/node_modules/graceful-fs/graceful-fs.js:43:10
    at FSReqWrap.oncomplete (fs.js:135:15)
/web/user/2018ajoshi/public/index.js:129
          console.log('Saved!' + beforeName.toString());
                                 ^

ReferenceError: beforeName is not defined
    at /web/user/2018ajoshi/public/index.js:129:34
    at /web/user/2018ajoshi/node_modules/graceful-fs/graceful-fs.js:43:10
    at FSReqWrap.oncomplete (fs.js:135:15)
/web/user/2018ajoshi/public/index.js:129
          console.log('Saved!' + beforeName.toString());
                                 ^

ReferenceError: beforeName is not defined
    at /web/user/2018ajoshi/public/index.js:129:34
    at /web/user/2018ajoshi/node_modules/graceful-fs/graceful-fs.js:43:10
    at FSReqWrap.oncomplete (fs.js:135:15)
TypeError: path must be absolute or specify root to res.sendFile
    at ServerResponse.sendFile (/web/user/2018ajoshi/public/node_modules/express/lib/response.js:421:11)
    at /web/user/2018ajoshi/public/index.js:97:9
    at Layer.handle [as handle_request] (/web/user/2018ajoshi/public/node_modules/express/lib/router/layer.js:95:5)
    at next (/web/user/2018ajoshi/public/node_modules/express/lib/router/route.js:137:13)
    at Route.dispatch (/web/user/2018ajoshi/public/node_modules/express/lib/router/route.js:112:3)
    at Layer.handle [as handle_request] (/web/user/2018ajoshi/public/node_modules/express/lib/router/layer.js:95:5)
    at /web/user/2018ajoshi/public/node_modules/express/lib/router/index.js:281:22
    at Function.process_params (/web/user/2018ajoshi/public/node_modules/express/lib/router/index.js:335:12)
    at next (/web/user/2018ajoshi/public/node_modules/express/lib/router/index.js:275:10)
    at /web/user/2018ajoshi/node_modules/express-fileupload/lib/index.js:19:14
/web/user/2018ajoshi/public/index.js:131
          console.log('Saved!' + beforeName.toString());
                                 ^

ReferenceError: beforeName is not defined
    at /web/user/2018ajoshi/public/index.js:131:34
    at /web/user/2018ajoshi/node_modules/graceful-fs/graceful-fs.js:43:10
    at FSReqWrap.oncomplete (fs.js:135:15)
TypeError: path must be absolute or specify root to res.sendFile
    at ServerResponse.sendFile (/web/user/2018ajoshi/public/node_modules/express/lib/response.js:421:11)
    at /web/user/2018ajoshi/public/index.js:97:9
    at Layer.handle [as handle_request] (/web/user/2018ajoshi/public/node_modules/express/lib/router/layer.js:95:5)
    at next (/web/user/2018ajoshi/public/node_modules/express/lib/router/route.js:137:13)
    at Route.dispatch (/web/user/2018ajoshi/public/node_modules/express/lib/router/route.js:112:3)
    at Layer.handle [as handle_request] (/web/user/2018ajoshi/public/node_modules/express/lib/router/layer.js:95:5)
    at /web/user/2018ajoshi/public/node_modules/express/lib/router/index.js:281:22
    at Function.process_params (/web/user/2018ajoshi/public/node_modules/express/lib/router/index.js:335:12)
    at next (/web/user/2018ajoshi/public/node_modules/express/lib/router/index.js:275:10)
    at /web/user/2018ajoshi/node_modules/express-fileupload/lib/index.js:19:14
/web/user/2018ajoshi/public/index.js:131
          console.log('Saved!' + beforeName.toString());
                                 ^

ReferenceError: beforeName is not defined
    at /web/user/2018ajoshi/public/index.js:131:34
    at /web/user/2018ajoshi/node_modules/graceful-fs/graceful-fs.js:43:10
    at FSReqWrap.oncomplete (fs.js:135:15)
/web/user/2018ajoshi/public/index.js:131
          console.log('Saved!' + beforeName.toString());
                                 ^

ReferenceError: beforeName is not defined
    at /web/user/2018ajoshi/public/index.js:131:34
    at /web/user/2018ajoshi/node_modules/graceful-fs/graceful-fs.js:43:10
    at FSReqWrap.oncomplete (fs.js:135:15)
/web/user/2018ajoshi/public/index.js:131
          console.log('Saved!' + beforeName.toString());
                                 ^

ReferenceError: beforeName is not defined
    at /web/user/2018ajoshi/public/index.js:131:34
    at /web/user/2018ajoshi/node_modules/graceful-fs/graceful-fs.js:43:10
    at FSReqWrap.oncomplete (fs.js:135:15)
/web/user/2018ajoshi/public/index.js:131
          console.log('Saved!' + beforeName.toString());
                                 ^

ReferenceError: beforeName is not defined
    at /web/user/2018ajoshi/public/index.js:131:34
    at /web/user/2018ajoshi/node_modules/graceful-fs/graceful-fs.js:43:10
    at FSReqWrap.oncomplete (fs.js:135:15)
/web/user/2018ajoshi/public/index.js:131
          console.log('Saved!' + beforeName.toString());
                                 ^

ReferenceError: beforeName is not defined
    at /web/user/2018ajoshi/public/index.js:131:34
    at /web/user/2018ajoshi/node_modules/graceful-fs/graceful-fs.js:43:10
    at FSReqWrap.oncomplete (fs.js:135:15)
/web/user/2018ajoshi/public/index.js:131
          console.log('Saved!' + beforeName.toString());
                                 ^

ReferenceError: beforeName is not defined
    at /web/user/2018ajoshi/public/index.js:131:34
    at /web/user/2018ajoshi/node_modules/graceful-fs/graceful-fs.js:43:10
    at FSReqWrap.oncomplete (fs.js:135:15)
/web/user/2018ajoshi/public/index.js:131
          console.log('Saved!' + beforeName.toString());
                                 ^

ReferenceError: beforeName is not defined
    at /web/user/2018ajoshi/public/index.js:131:34
    at /web/user/2018ajoshi/node_modules/graceful-fs/graceful-fs.js:43:10
    at FSReqWrap.oncomplete (fs.js:135:15)
/web/user/2018ajoshi/public/index.js:131
          console.log('Saved!' + beforeName.toString());
                                 ^

ReferenceError: beforeName is not defined
    at /web/user/2018ajoshi/public/index.js:131:34
    at /web/user/2018ajoshi/node_modules/graceful-fs/graceful-fs.js:43:10
    at FSReqWrap.oncomplete (fs.js:135:15)
/web/user/2018ajoshi/public/index.js:131
          console.log('Saved!' + beforeName.toString());
                                 ^

ReferenceError: beforeName is not defined
    at /web/user/2018ajoshi/public/index.js:131:34
    at /web/user/2018ajoshi/node_modules/graceful-fs/graceful-fs.js:43:10
    at FSReqWrap.oncomplete (fs.js:135:15)
Error: ENOENT: no such file or directory, stat '/web/user/2018ajoshi/public/undefined'
/web/user/2018ajoshi/public/index.js:131
          console.log('Saved!' + beforeName.toString());
                                 ^

ReferenceError: beforeName is not defined
    at /web/user/2018ajoshi/public/index.js:131:34
    at /web/user/2018ajoshi/node_modules/graceful-fs/graceful-fs.js:43:10
    at FSReqWrap.oncomplete (fs.js:135:15)
/web/user/2018ajoshi/public/index.js:131
          console.log('Saved!' + beforeName.toString());
                                 ^

ReferenceError: beforeName is not defined
    at /web/user/2018ajoshi/public/index.js:131:34
    at /web/user/2018ajoshi/node_modules/graceful-fs/graceful-fs.js:43:10
    at FSReqWrap.oncomplete (fs.js:135:15)
/web/user/2018ajoshi/public/index.js:131
          console.log('Saved!' + beforeName.toString());
                                 ^

ReferenceError: beforeName is not defined
    at /web/user/2018ajoshi/public/index.js:131:34
    at /web/user/2018ajoshi/node_modules/graceful-fs/graceful-fs.js:43:10
    at FSReqWrap.oncomplete (fs.js:135:15)
/web/user/2018ajoshi/public/index.js:131
          console.log('Saved!' + beforeName.toString());
                                 ^

ReferenceError: beforeName is not defined
    at /web/user/2018ajoshi/public/index.js:131:34
    at /web/user/2018ajoshi/node_modules/graceful-fs/graceful-fs.js:43:10
    at FSReqWrap.oncomplete (fs.js:135:15)
/web/user/2018ajoshi/public/index.js:132
          console.log('Saved!' + beforeName.toString());
                                 ^

ReferenceError: beforeName is not defined
    at /web/user/2018ajoshi/public/index.js:132:34
    at /web/user/2018ajoshi/node_modules/graceful-fs/graceful-fs.js:43:10
    at FSReqWrap.oncomplete (fs.js:135:15)
/web/user/2018ajoshi/public/index.js:131
          console.log('Saved!' + beforeName.toString());
                                 ^

ReferenceError: beforeName is not defined
    at /web/user/2018ajoshi/public/index.js:131:34
    at /web/user/2018ajoshi/node_modules/graceful-fs/graceful-fs.js:43:10
    at FSReqWrap.oncomplete (fs.js:135:15)
/web/user/2018ajoshi/public/index.js:131
          console.log('Saved!' + beforeName.toString());
                                 ^

ReferenceError: beforeName is not defined
    at /web/user/2018ajoshi/public/index.js:131:34
    at /web/user/2018ajoshi/node_modules/graceful-fs/graceful-fs.js:43:10
    at FSReqWrap.oncomplete (fs.js:135:15)
/web/user/2018ajoshi/public/index.js:131
          console.log('Saved!' + beforeName.toString());
                                 ^

ReferenceError: beforeName is not defined
    at /web/user/2018ajoshi/public/index.js:131:34
    at /web/user/2018ajoshi/node_modules/graceful-fs/graceful-fs.js:43:10
    at FSReqWrap.oncomplete (fs.js:135:15)
Error: ENOENT: no such file or directory, stat '/web/user/2018ajoshi/public/doesn'texist'
Error: ENOENT: no such file or directory, stat '/web/user/2018ajoshi/public/encodedo.png'
Error: ENOENT: no such file or directory, stat '/web/user/2018ajoshi/public/encodedo.png'
/web/user/2018ajoshi/public/index.js:131
          console.log('Saved!' + beforeName.toString());
                                 ^

ReferenceError: beforeName is not defined
    at /web/user/2018ajoshi/public/index.js:131:34
    at /web/user/2018ajoshi/node_modules/graceful-fs/graceful-fs.js:43:10
    at FSReqWrap.oncomplete (fs.js:135:15)
/web/user/2018ajoshi/public/index.js:131
          console.log('Saved!' + beforeName.toString());
                                 ^

ReferenceError: beforeName is not defined
    at /web/user/2018ajoshi/public/index.js:131:34
    at /web/user/2018ajoshi/node_modules/graceful-fs/graceful-fs.js:43:10
    at FSReqWrap.oncomplete (fs.js:135:15)
Error: ENOENT: no such file or directory, stat '/web/user/2018ajoshi/public/encodedo.png'
/web/user/2018ajoshi/public/index.js:131
          console.log('Saved!' + beforeName.toString());
                                 ^

ReferenceError: beforeName is not defined
    at /web/user/2018ajoshi/public/index.js:131:34
    at /web/user/2018ajoshi/node_modules/graceful-fs/graceful-fs.js:43:10
    at FSReqWrap.oncomplete (fs.js:135:15)
/web/user/2018ajoshi/public/index.js:131
          console.log('Saved!' + beforeName.toString());
                                 ^

ReferenceError: beforeName is not defined
    at /web/user/2018ajoshi/public/index.js:131:34
    at /web/user/2018ajoshi/node_modules/graceful-fs/graceful-fs.js:43:10
    at FSReqWrap.oncomplete (fs.js:135:15)
/web/user/2018ajoshi/public/index.js:131
          console.log('Saved!' + beforeName.toString());
                                 ^

ReferenceError: beforeName is not defined
    at /web/user/2018ajoshi/public/index.js:131:34
    at /web/user/2018ajoshi/node_modules/graceful-fs/graceful-fs.js:43:10
    at FSReqWrap.oncomplete (fs.js:135:15)
/web/user/2018ajoshi/public/index.js:131
          console.log('Saved!' + beforeName.toString());
                                 ^

ReferenceError: beforeName is not defined
    at /web/user/2018ajoshi/public/index.js:131:34
    at /web/user/2018ajoshi/node_modules/graceful-fs/graceful-fs.js:43:10
    at FSReqWrap.oncomplete (fs.js:135:15)
/web/user/2018ajoshi/public/index.js:134
          console.log('Saved!' + beforeName.toString());
                                 ^

ReferenceError: beforeName is not defined
    at /web/user/2018ajoshi/public/index.js:134:34
    at /web/user/2018ajoshi/node_modules/graceful-fs/graceful-fs.js:43:10
    at FSReqWrap.oncomplete (fs.js:135:15)
_http_outgoing.js:491
    throw new Error('Can\'t set headers after they are sent.');
    ^

Error: Can't set headers after they are sent.
    at validateHeader (_http_outgoing.js:491:11)
    at ServerResponse.setHeader (_http_outgoing.js:498:3)
    at ServerResponse.header (/web/user/2018ajoshi/public/node_modules/express/lib/response.js:767:10)
    at ServerResponse.send (/web/user/2018ajoshi/public/node_modules/express/lib/response.js:170:12)
    at PythonShell._endCallback (/web/user/2018ajoshi/public/index.js:72:11)
    at terminateIfNeeded (/web/user/2018ajoshi/public/node_modules/python-shell/index.js:116:35)
    at ChildProcess.<anonymous> (/web/user/2018ajoshi/public/node_modules/python-shell/index.js:88:9)
    at emitTwo (events.js:126:13)
    at ChildProcess.emit (events.js:214:7)
    at Process.ChildProcess._handle.onexit (internal/child_process.js:198:12)
_http_outgoing.js:491
    throw new Error('Can\'t set headers after they are sent.');
    ^

Error: Can't set headers after they are sent.
    at validateHeader (_http_outgoing.js:491:11)
    at ServerResponse.setHeader (_http_outgoing.js:498:3)
    at ServerResponse.header (/web/user/2018ajoshi/public/node_modules/express/lib/response.js:767:10)
    at ServerResponse.send (/web/user/2018ajoshi/public/node_modules/express/lib/response.js:170:12)
    at PythonShell._endCallback (/web/user/2018ajoshi/public/index.js:71:11)
    at terminateIfNeeded (/web/user/2018ajoshi/public/node_modules/python-shell/index.js:116:35)
    at ChildProcess.<anonymous> (/web/user/2018ajoshi/public/node_modules/python-shell/index.js:88:9)
    at emitTwo (events.js:126:13)
    at ChildProcess.emit (events.js:214:7)
    at Process.ChildProcess._handle.onexit (internal/child_process.js:198:12)
_http_outgoing.js:491
    throw new Error('Can\'t set headers after they are sent.');
    ^

Error: Can't set headers after they are sent.
    at validateHeader (_http_outgoing.js:491:11)
    at ServerResponse.setHeader (_http_outgoing.js:498:3)
    at ServerResponse.header (/web/user/2018ajoshi/public/node_modules/express/lib/response.js:767:10)
    at ServerResponse.send (/web/user/2018ajoshi/public/node_modules/express/lib/response.js:170:12)
    at PythonShell._endCallback (/web/user/2018ajoshi/public/index.js:71:11)
    at terminateIfNeeded (/web/user/2018ajoshi/public/node_modules/python-shell/index.js:116:35)
    at ChildProcess.<anonymous> (/web/user/2018ajoshi/public/node_modules/python-shell/index.js:88:9)
    at emitTwo (events.js:126:13)
    at ChildProcess.emit (events.js:214:7)
    at Process.ChildProcess._handle.onexit (internal/child_process.js:198:12)
_http_outgoing.js:491
    throw new Error('Can\'t set headers after they are sent.');
    ^

Error: Can't set headers after they are sent.
    at validateHeader (_http_outgoing.js:491:11)
    at ServerResponse.setHeader (_http_outgoing.js:498:3)
    at ServerResponse.header (/web/user/2018ajoshi/public/node_modules/express/lib/response.js:767:10)
    at ServerResponse.send (/web/user/2018ajoshi/public/node_modules/express/lib/response.js:170:12)
    at PythonShell._endCallback (/web/user/2018ajoshi/public/index.js:71:11)
    at terminateIfNeeded (/web/user/2018ajoshi/public/node_modules/python-shell/index.js:116:35)
    at ChildProcess.<anonymous> (/web/user/2018ajoshi/public/node_modules/python-shell/index.js:88:9)
    at emitTwo (events.js:126:13)
    at ChildProcess.emit (events.js:214:7)
    at Process.ChildProcess._handle.onexit (internal/child_process.js:198:12)
ReferenceError: shape_name is not defined
    at encode (/web/user/2018ajoshi/public/index.js:90:31)
    at /web/user/2018ajoshi/public/index.js:161:5
    at Layer.handle [as handle_request] (/web/user/2018ajoshi/public/node_modules/express/lib/router/layer.js:95:5)
    at next (/web/user/2018ajoshi/public/node_modules/express/lib/router/route.js:137:13)
    at Route.dispatch (/web/user/2018ajoshi/public/node_modules/express/lib/router/route.js:112:3)
    at Layer.handle [as handle_request] (/web/user/2018ajoshi/public/node_modules/express/lib/router/layer.js:95:5)
    at /web/user/2018ajoshi/public/node_modules/express/lib/router/index.js:281:22
    at Function.process_params (/web/user/2018ajoshi/public/node_modules/express/lib/router/index.js:335:12)
    at Busboy.next (/web/user/2018ajoshi/public/node_modules/express/lib/router/index.js:275:10)
    at emitNone (events.js:111:20)
TypeError: Cannot read property 'name' of undefined
    at /web/user/2018ajoshi/public/index.js:137:34
    at Layer.handle [as handle_request] (/web/user/2018ajoshi/public/node_modules/express/lib/router/layer.js:95:5)
    at next (/web/user/2018ajoshi/public/node_modules/express/lib/router/route.js:137:13)
    at Route.dispatch (/web/user/2018ajoshi/public/node_modules/express/lib/router/route.js:112:3)
    at Layer.handle [as handle_request] (/web/user/2018ajoshi/public/node_modules/express/lib/router/layer.js:95:5)
    at /web/user/2018ajoshi/public/node_modules/express/lib/router/index.js:281:22
    at Function.process_params (/web/user/2018ajoshi/public/node_modules/express/lib/router/index.js:335:12)
    at Busboy.next (/web/user/2018ajoshi/public/node_modules/express/lib/router/index.js:275:10)
    at emitNone (events.js:111:20)
    at Busboy.emit (events.js:208:7)
ReferenceError: child_process is not defined
    at encode (/web/user/2018ajoshi/public/index.js:94:5)
    at /web/user/2018ajoshi/public/index.js:161:5
    at Layer.handle [as handle_request] (/web/user/2018ajoshi/public/node_modules/express/lib/router/layer.js:95:5)
    at next (/web/user/2018ajoshi/public/node_modules/express/lib/router/route.js:137:13)
    at Route.dispatch (/web/user/2018ajoshi/public/node_modules/express/lib/router/route.js:112:3)
    at Layer.handle [as handle_request] (/web/user/2018ajoshi/public/node_modules/express/lib/router/layer.js:95:5)
    at /web/user/2018ajoshi/public/node_modules/express/lib/router/index.js:281:22
    at Function.process_params (/web/user/2018ajoshi/public/node_modules/express/lib/router/index.js:335:12)
    at Busboy.next (/web/user/2018ajoshi/public/node_modules/express/lib/router/index.js:275:10)
    at emitNone (events.js:111:20)
/web/user/2018ajoshi/public/index.js:95
    py = child_process.spawnSync(python_exe, [pythonFile], feed_dict{
                                                           ^^^^^^^^^

SyntaxError: missing ) after argument list
    at createScript (vm.js:80:10)
    at Object.runInThisContext (vm.js:139:10)
    at Module._compile (module.js:616:28)
    at Object.Module._extensions..js (module.js:663:10)
    at Module.load (module.js:565:32)
    at tryModuleLoad (module.js:505:12)
    at Function.Module._load (module.js:497:3)
    at Function.Module.runMain (module.js:693:10)
    at startup (bootstrap_node.js:188:16)
    at bootstrap_node.js:609:3
/web/user/2018ajoshi/public/index.js:95
    py = child_process.spawnSync(python_exe, [pythonFile], feed_dict{
                                                           ^^^^^^^^^

SyntaxError: missing ) after argument list
    at createScript (vm.js:80:10)
    at Object.runInThisContext (vm.js:139:10)
    at Module._compile (module.js:616:28)
    at Object.Module._extensions..js (module.js:663:10)
    at Module.load (module.js:565:32)
    at tryModuleLoad (module.js:505:12)
    at Function.Module._load (module.js:497:3)
    at Function.Module.runMain (module.js:693:10)
    at startup (bootstrap_node.js:188:16)
    at bootstrap_node.js:609:3
/web/user/2018ajoshi/public/index.js:95
    py = child_process.spawnSync(python_exe, [pythonFile], feed_dict{
                                                           ^^^^^^^^^

SyntaxError: missing ) after argument list
    at createScript (vm.js:80:10)
    at Object.runInThisContext (vm.js:139:10)
    at Module._compile (module.js:616:28)
    at Object.Module._extensions..js (module.js:663:10)
    at Module.load (module.js:565:32)
    at tryModuleLoad (module.js:505:12)
    at Function.Module._load (module.js:497:3)
    at Function.Module.runMain (module.js:693:10)
    at startup (bootstrap_node.js:188:16)
    at bootstrap_node.js:609:3
/web/user/2018ajoshi/public/index.js:95
    py = child_process.spawnSync(python_exe, [pythonFile], feed_dict{
                                                           ^^^^^^^^^

SyntaxError: missing ) after argument list
    at createScript (vm.js:80:10)
    at Object.runInThisContext (vm.js:139:10)
    at Module._compile (module.js:616:28)
    at Object.Module._extensions..js (module.js:663:10)
    at Module.load (module.js:565:32)
    at tryModuleLoad (module.js:505:12)
    at Function.Module._load (module.js:497:3)
    at Function.Module.runMain (module.js:693:10)
    at startup (bootstrap_node.js:188:16)
    at bootstrap_node.js:609:3
/web/user/2018ajoshi/public/index.js:95
    py = child_process.spawnSync(python_exe, [pythonFile], feed_dict{
                                                           ^^^^^^^^^

SyntaxError: missing ) after argument list
    at createScript (vm.js:80:10)
    at Object.runInThisContext (vm.js:139:10)
    at Module._compile (module.js:616:28)
    at Object.Module._extensions..js (module.js:663:10)
    at Module.load (module.js:565:32)
    at tryModuleLoad (module.js:505:12)
    at Function.Module._load (module.js:497:3)
    at Function.Module.runMain (module.js:693:10)
    at startup (bootstrap_node.js:188:16)
    at bootstrap_node.js:609:3
/web/user/2018ajoshi/public/index.js:95
    py = child_process.spawnSync(python_exe, [pythonFile], feed_dict{
                                                           ^^^^^^^^^

SyntaxError: missing ) after argument list
    at createScript (vm.js:80:10)
    at Object.runInThisContext (vm.js:139:10)
    at Module._compile (module.js:616:28)
    at Object.Module._extensions..js (module.js:663:10)
    at Module.load (module.js:565:32)
    at tryModuleLoad (module.js:505:12)
    at Function.Module._load (module.js:497:3)
    at Function.Module.runMain (module.js:693:10)
    at startup (bootstrap_node.js:188:16)
    at bootstrap_node.js:609:3
/web/user/2018ajoshi/public/index.js:95
    py = child_process.spawnSync(python_exe, [pythonFile], feed_dict{
                                                           ^^^^^^^^^

SyntaxError: missing ) after argument list
    at createScript (vm.js:80:10)
    at Object.runInThisContext (vm.js:139:10)
    at Module._compile (module.js:616:28)
    at Object.Module._extensions..js (module.js:663:10)
    at Module.load (module.js:565:32)
    at tryModuleLoad (module.js:505:12)
    at Function.Module._load (module.js:497:3)
    at Function.Module.runMain (module.js:693:10)
    at startup (bootstrap_node.js:188:16)
    at bootstrap_node.js:609:3
/web/user/2018ajoshi/public/index.js:95
    py = child_process.spawnSync(python_exe, [pythonFile], feed_dict{
                                                           ^^^^^^^^^

SyntaxError: missing ) after argument list
    at createScript (vm.js:80:10)
    at Object.runInThisContext (vm.js:139:10)
    at Module._compile (module.js:616:28)
    at Object.Module._extensions..js (module.js:663:10)
    at Module.load (module.js:565:32)
    at tryModuleLoad (module.js:505:12)
    at Function.Module._load (module.js:497:3)
    at Function.Module.runMain (module.js:693:10)
    at startup (bootstrap_node.js:188:16)
    at bootstrap_node.js:609:3
/web/user/2018ajoshi/public/index.js:95
    py = child_process.spawnSync(python_exe, [pythonFile], feed_dict{
                                                           ^^^^^^^^^

SyntaxError: missing ) after argument list
    at createScript (vm.js:80:10)
    at Object.runInThisContext (vm.js:139:10)
    at Module._compile (module.js:616:28)
    at Object.Module._extensions..js (module.js:663:10)
    at Module.load (module.js:565:32)
    at tryModuleLoad (module.js:505:12)
    at Function.Module._load (module.js:497:3)
    at Function.Module.runMain (module.js:693:10)
    at startup (bootstrap_node.js:188:16)
    at bootstrap_node.js:609:3
TypeError: Cannot read property 'name' of undefined
    at /web/user/2018ajoshi/public/index.js:142:34
    at Layer.handle [as handle_request] (/web/user/2018ajoshi/public/node_modules/express/lib/router/layer.js:95:5)
    at next (/web/user/2018ajoshi/public/node_modules/express/lib/router/route.js:137:13)
    at Route.dispatch (/web/user/2018ajoshi/public/node_modules/express/lib/router/route.js:112:3)
    at Layer.handle [as handle_request] (/web/user/2018ajoshi/public/node_modules/express/lib/router/layer.js:95:5)
    at /web/user/2018ajoshi/public/node_modules/express/lib/router/index.js:281:22
    at Function.process_params (/web/user/2018ajoshi/public/node_modules/express/lib/router/index.js:335:12)
    at Busboy.next (/web/user/2018ajoshi/public/node_modules/express/lib/router/index.js:275:10)
    at emitNone (events.js:111:20)
    at Busboy.emit (events.js:208:7)
events.js:183
      throw er; // Unhandled 'error' event
      ^

Error: listen EADDRINUSE :::10836
    at Object._errnoException (util.js:1022:11)
    at _exceptionWithHostPort (util.js:1044:20)
    at Server.setupListenHandle [as _listen2] (net.js:1367:14)
    at listenInCluster (net.js:1408:12)
    at Server.listen (net.js:1492:7)
    at Function.listen (/web/user/2018ajoshi/public/node_modules/express/lib/application.js:618:24)
    at Object.<anonymous> (/web/user/2018ajoshi/public/index.js:104:20)
    at Module._compile (module.js:652:30)
    at Object.Module._extensions..js (module.js:663:10)
    at Module.load (module.js:565:32)
_http_outgoing.js:491
    throw new Error('Can\'t set headers after they are sent.');
    ^

Error: Can't set headers after they are sent.
    at validateHeader (_http_outgoing.js:491:11)
    at ServerResponse.setHeader (_http_outgoing.js:498:3)
    at ServerResponse.header (/web/user/2018ajoshi/public/node_modules/express/lib/response.js:767:10)
    at ServerResponse.send (/web/user/2018ajoshi/public/node_modules/express/lib/response.js:194:10)
    at Socket.pyspawn.stderr.on (/web/user/2018ajoshi/public/index.js:115:13)
    at emitOne (events.js:116:13)
    at Socket.emit (events.js:211:7)
    at addChunk (_stream_readable.js:263:12)
    at readableAddChunk (_stream_readable.js:250:11)
    at Socket.Readable.push (_stream_readable.js:208:10)
ReferenceError: beforeName is not defined
    at decode (/web/user/2018ajoshi/public/index.js:32:19)
    at /web/user/2018ajoshi/public/index.js:154:21
    at Layer.handle [as handle_request] (/web/user/2018ajoshi/public/node_modules/express/lib/router/layer.js:95:5)
    at next (/web/user/2018ajoshi/public/node_modules/express/lib/router/route.js:137:13)
    at Route.dispatch (/web/user/2018ajoshi/public/node_modules/express/lib/router/route.js:112:3)
    at Layer.handle [as handle_request] (/web/user/2018ajoshi/public/node_modules/express/lib/router/layer.js:95:5)
    at /web/user/2018ajoshi/public/node_modules/express/lib/router/index.js:281:22
    at Function.process_params (/web/user/2018ajoshi/public/node_modules/express/lib/router/index.js:335:12)
    at Busboy.next (/web/user/2018ajoshi/public/node_modules/express/lib/router/index.js:275:10)
    at emitNone (events.js:111:20)
TypeError: Cannot read property 'name' of undefined
    at /web/user/2018ajoshi/public/index.js:154:33
    at Layer.handle [as handle_request] (/web/user/2018ajoshi/public/node_modules/express/lib/router/layer.js:95:5)
    at next (/web/user/2018ajoshi/public/node_modules/express/lib/router/route.js:137:13)
    at Route.dispatch (/web/user/2018ajoshi/public/node_modules/express/lib/router/route.js:112:3)
    at Layer.handle [as handle_request] (/web/user/2018ajoshi/public/node_modules/express/lib/router/layer.js:95:5)
    at /web/user/2018ajoshi/public/node_modules/express/lib/router/index.js:281:22
    at Function.process_params (/web/user/2018ajoshi/public/node_modules/express/lib/router/index.js:335:12)
    at Busboy.next (/web/user/2018ajoshi/public/node_modules/express/lib/router/index.js:275:10)
    at emitNone (events.js:111:20)
    at Busboy.emit (events.js:208:7)
TypeError: Cannot read property 'name' of undefined
    at /web/user/2018ajoshi/public/index.js:154:33
    at Layer.handle [as handle_request] (/web/user/2018ajoshi/public/node_modules/express/lib/router/layer.js:95:5)
    at next (/web/user/2018ajoshi/public/node_modules/express/lib/router/route.js:137:13)
    at Route.dispatch (/web/user/2018ajoshi/public/node_modules/express/lib/router/route.js:112:3)
    at Layer.handle [as handle_request] (/web/user/2018ajoshi/public/node_modules/express/lib/router/layer.js:95:5)
    at /web/user/2018ajoshi/public/node_modules/express/lib/router/index.js:281:22
    at Function.process_params (/web/user/2018ajoshi/public/node_modules/express/lib/router/index.js:335:12)
    at Busboy.next (/web/user/2018ajoshi/public/node_modules/express/lib/router/index.js:275:10)
    at emitNone (events.js:111:20)
    at Busboy.emit (events.js:208:7)
_http_outgoing.js:491
    throw new Error('Can\'t set headers after they are sent.');
    ^

Error: Can't set headers after they are sent.
    at validateHeader (_http_outgoing.js:491:11)
    at ServerResponse.setHeader (_http_outgoing.js:498:3)
    at ServerResponse.header (/web/user/2018ajoshi/public/node_modules/express/lib/response.js:767:10)
    at ServerResponse.send (/web/user/2018ajoshi/public/node_modules/express/lib/response.js:194:10)
    at Socket.pyspawn.stdout.on (/web/user/2018ajoshi/public/index.js:38:13)
    at emitOne (events.js:116:13)
    at Socket.emit (events.js:211:7)
    at addChunk (_stream_readable.js:263:12)
    at readableAddChunk (_stream_readable.js:250:11)
    at Socket.Readable.push (_stream_readable.js:208:10)
_http_outgoing.js:491
    throw new Error('Can\'t set headers after they are sent.');
    ^

Error: Can't set headers after they are sent.
    at validateHeader (_http_outgoing.js:491:11)
    at ServerResponse.setHeader (_http_outgoing.js:498:3)
    at ServerResponse.header (/web/user/2018ajoshi/public/node_modules/express/lib/response.js:767:10)
    at ServerResponse.send (/web/user/2018ajoshi/public/node_modules/express/lib/response.js:194:10)
    at Socket.pyspawn.stdout.on (/web/user/2018ajoshi/public/index.js:38:13)
    at emitOne (events.js:116:13)
    at Socket.emit (events.js:211:7)
    at addChunk (_stream_readable.js:263:12)
    at readableAddChunk (_stream_readable.js:250:11)
    at Socket.Readable.push (_stream_readable.js:208:10)
_http_outgoing.js:491
    throw new Error('Can\'t set headers after they are sent.');
    ^

Error: Can't set headers after they are sent.
    at validateHeader (_http_outgoing.js:491:11)
    at ServerResponse.setHeader (_http_outgoing.js:498:3)
    at ServerResponse.header (/web/user/2018ajoshi/public/node_modules/express/lib/response.js:767:10)
    at ServerResponse.send (/web/user/2018ajoshi/public/node_modules/express/lib/response.js:194:10)
    at Socket.pyspawn.stderr.on (/web/user/2018ajoshi/public/index.js:43:13)
    at emitOne (events.js:116:13)
    at Socket.emit (events.js:211:7)
    at addChunk (_stream_readable.js:263:12)
    at readableAddChunk (_stream_readable.js:250:11)
    at Socket.Readable.push (_stream_readable.js:208:10)
ReferenceError: caps is not defined
    at /web/user/2018ajoshi/public/index.js:153:36
    at Layer.handle [as handle_request] (/web/user/2018ajoshi/public/node_modules/express/lib/router/layer.js:95:5)
    at next (/web/user/2018ajoshi/public/node_modules/express/lib/router/route.js:137:13)
    at Route.dispatch (/web/user/2018ajoshi/public/node_modules/express/lib/router/route.js:112:3)
    at Layer.handle [as handle_request] (/web/user/2018ajoshi/public/node_modules/express/lib/router/layer.js:95:5)
    at /web/user/2018ajoshi/public/node_modules/express/lib/router/index.js:281:22
    at Function.process_params (/web/user/2018ajoshi/public/node_modules/express/lib/router/index.js:335:12)
    at next (/web/user/2018ajoshi/public/node_modules/express/lib/router/index.js:275:10)
    at /web/user/2018ajoshi/node_modules/express-fileupload/lib/index.js:19:14
    at Layer.handle [as handle_request] (/web/user/2018ajoshi/public/node_modules/express/lib/router/layer.js:95:5)
_http_outgoing.js:491
    throw new Error('Can\'t set headers after they are sent.');
    ^

Error: Can't set headers after they are sent.
    at validateHeader (_http_outgoing.js:491:11)
    at ServerResponse.setHeader (_http_outgoing.js:498:3)
    at ServerResponse.header (/web/user/2018ajoshi/public/node_modules/express/lib/response.js:767:10)
    at ServerResponse.send (/web/user/2018ajoshi/public/node_modules/express/lib/response.js:194:10)
    at Socket.pyspawn.stdout.on (/web/user/2018ajoshi/public/index.js:38:13)
    at emitOne (events.js:116:13)
    at Socket.emit (events.js:211:7)
    at addChunk (_stream_readable.js:263:12)
    at readableAddChunk (_stream_readable.js:250:11)
    at Socket.Readable.push (_stream_readable.js:208:10)
_http_outgoing.js:491
    throw new Error('Can\'t set headers after they are sent.');
    ^

Error: Can't set headers after they are sent.
    at validateHeader (_http_outgoing.js:491:11)
    at ServerResponse.setHeader (_http_outgoing.js:498:3)
    at ServerResponse.header (/web/user/2018ajoshi/public/node_modules/express/lib/response.js:767:10)
    at ServerResponse.send (/web/user/2018ajoshi/public/node_modules/express/lib/response.js:194:10)
    at Socket.pyspawn.stderr.on (/web/user/2018ajoshi/public/index.js:43:13)
    at emitOne (events.js:116:13)
    at Socket.emit (events.js:211:7)
    at addChunk (_stream_readable.js:263:12)
    at readableAddChunk (_stream_readable.js:250:11)
    at Socket.Readable.push (_stream_readable.js:208:10)
